// Jest Snapshot v1, https://goo.gl/fbAQLP

exports[`<Toaster> renders a toaster 1`] = `ShallowWrapper {}`;
